
Hexadecimal

Area                               Addr   Size   Decimal Bytes (Attributes)
--------------------------------   ----   ----   ------- ----- ------------
.  .ABS.                           0000   0000 =      0. bytes (ABS,OVR)

      Value  Global
   --------  --------------------------------
     0000    l_BSEG
     0000    l_BSEG_BYTES
     0000    l_REG_BANK_0
     0000    l_REG_BANK_1
     0000    l_REG_BANK_2
     0000    l_REG_BANK_3
     0000    l__CODE
     0000    s_BSEG
     0000    s_INTSEG
     0000    s_REG_BANK_0
     0000    s__CODE
     0004    l_RAMINTERNE_DIRECTE
     0008    s_REG_BANK_1
     0010    s_REG_BANK_2
     0018    s_REG_BANK_3
     0020    s_BSEG_BYTES
     0030    s_RAMINTERNE_DIRECTE
     0064    l_RAMINTERNE_INDIRECTE
     0074    l_INTSEG
     007B    s_CSEG
     0080    s_RAMINTERNE_INDIRECTE
     04C0    l_CSEG

Hexadecimal

Area                               Addr   Size   Decimal Bytes (Attributes)
--------------------------------   ----   ----   ------- ----- ------------
_CODE                              0000   0000 =      0. bytes (REL,CON)

Hexadecimal

Area                               Addr   Size   Decimal Bytes (Attributes)
--------------------------------   ----   ----   ------- ----- ------------
REG_BANK_0                         0000   0000 =      0. bytes (REL,OVR)

Hexadecimal

Area                               Addr   Size   Decimal Bytes (Attributes)
--------------------------------   ----   ----   ------- ----- ------------
REG_BANK_1                         0008   0000 =      0. bytes (REL,OVR)

Hexadecimal

Area                               Addr   Size   Decimal Bytes (Attributes)
--------------------------------   ----   ----   ------- ----- ------------
REG_BANK_2                         0010   0000 =      0. bytes (REL,OVR)

Hexadecimal

Area                               Addr   Size   Decimal Bytes (Attributes)
--------------------------------   ----   ----   ------- ----- ------------
REG_BANK_3                         0018   0000 =      0. bytes (REL,OVR)

Hexadecimal

Area                               Addr   Size   Decimal Bits  (Attributes)
--------------------------------   ----   ----   ------- ----- ------------
BSEG                               0000   0000 =      0. bits  (REL,CON,BIT)

Hexadecimal

Area                               Addr   Size   Decimal Bytes (Attributes)
--------------------------------   ----   ----   ------- ----- ------------
BSEG_BYTES                         0020   0000 =      0. bytes (REL,CON)

Hexadecimal

Area                               Addr   Size   Decimal Bytes (Attributes)
--------------------------------   ----   ----   ------- ----- ------------
RAMINTERNE_DIRECTE                 0030   0004 =      4. bytes (ABS,OVR)

      Value  Global
   --------  --------------------------------
     0030    TRAME_RECUE
     0031    CAN_PRET
     0032    NBR_INT_CAN
     0033    ID_IDENT

Hexadecimal

Area                               Addr   Size   Decimal Bytes (Attributes)
--------------------------------   ----   ----   ------- ----- ------------
RAMINTERNE_INDIRECTE               0080   0064 =    100. bytes (ABS,OVR)

      Value  Global
   --------  --------------------------------
     0080    RX_BUF
     009E    TX_BUF
     00BC    INPUT_BUF
     00D0    ENTRE_ANA_BUF

Hexadecimal

Area                               Addr   Size   Decimal Bytes (Attributes)
--------------------------------   ----   ----   ------- ----- ------------
CSEG                               007B   04C0 =   1216. bytes (REL,CON,CODE)

      Value  Global
   --------  --------------------------------
  0C:007B    _start
  0C:007B    init.29
  0C:007E    init.30
  0C:0081    init.31
  0C:0084    init.32
  0C:0087    init.34
  0C:008A    init.36
  0C:008D    init.37
  0C:0090    init.38
  0C:0093    init.40
  0C:0096    init.43
  0C:0099    init.44
  0C:009C    init.45
  0C:009F    init.47
  0C:00A2    init.50
  0C:00A4    init.51
  0C:00A6    init.52
  0C:00A9    init.56
  0C:00AB    init.57
  0C:00AE    init.58
  0C:00B0    init.61
  0C:00B2    init.62
  0C:00B5    init.64
  0C:00B8    init.65
  0C:00B9    init.66
  0C:00BA    init.67
  0C:00BB    init.68
  0C:00BD    init.69
  0C:00BE    init.70
  0C:00BF    init.71
  0C:00C0    init.72
  0C:00C1    init.73
  0C:00C3    init.75
  0C:00C5    init.76
  0C:00C6    init.77
  0C:00C7    init.79
  0C:00CA    init.80
  0C:00CD    init.81
  0C:00D0    init.84
  0C:00D3    init.85
  0C:00D6    init.86
  0C:00D9    init.87
  0C:00DC    init.88
  0C:00DF    init.91
  0C:00E2    init.92
  0C:00E5    init.93
  0C:00E8    init.102
  0C:00EB    init.103
  0C:00EE    init.104
  0C:00F1    init.107
  0C:00F4    init.108
  0C:00F7    init.109
  0C:00FA    init.112
  0C:00FD    init.116
  0C:0100    init.117
  0C:0103    init.118
  0C:0106    init.119
  0C:0108    init.121
  0C:010B    init.128
  0C:010E    init.129
  0C:0111    init.130
  0C:0114    init.131
  0C:0117    init.132
  0C:011A    init.133
  0C:011D    init.134
  0C:011F    init.136
  0C:0121    init.137
  0C:0124    init.138
  0C:0126    init.139
  0C:0129    init.140
  0C:012B    init.141
  0C:012D    init.142
  0C:0130    init.143
  0C:0132    init.144
  0C:0134    init.145
  0C:0135    init.150
  0C:0138    init.151
  0C:013B    init.152
  0C:013C    init.157
  0C:013F    init.158
  0C:0140    init.163
  0C:0143    init.164
  0C:0144    init.169
  0C:0147    init.170
  0C:014A    init.171
  0C:014C    init.172
  0C:014F    init.173
  0C:0151    init.174
  0C:0153    init.175
  0C:0155    init.176
  0C:0156    init.181
  0C:0159    init.182
  0C:015C    init.183
  0C:015F    init.184
  0C:0161    init.185
  0C:0162    init.199
  0C:0164    init.200
  0C:0166    init.202
  0C:0168    init.204
  0C:016A    init.205
  0C:016C    init.206
  0C:016E    init.207
  0C:016F    _recu_rs232
  0C:016F    rs232.12
  0C:0171    rs232.13
  0C:0173    rs232.14
  0C:0175    rs232.15
  0C:0177    rs232.16
  0C:017A    rs232.17
  0C:017D    rs232.18
  0C:0180    rs232.19
  0C:0182    rs232.20
  0C:0184    rs232.21
  0C:0185    rs232.22
  0C:0186    rs232.23
  0C:0188    rs232.24
  0C:018A    rs232.25
  0C:018B    rs232.26
  0C:018C    rs232.27
  0C:018F    rs232.29
  0C:0191    rs232.30
  0C:0192    rs232.31
  0C:0193    rs232.32
  0C:0195    rs232.33
  0C:0198    rs232.35
  0C:019A    rs232.36
  0C:019C    rs232.38
  0C:019E    rs232.39
  0C:01A0    rs232.40
  0C:01A1    rs232.42
  0C:01A3    rs232.43
  0C:01A5    _envoyer_rs232
  0C:01A5    rs232.48
  0C:01A8    rs232.49
  0C:01AA    rs232.50
  0C:01AD    rs232.51
  0C:01AE    rs232.52
  0C:01AF    rs232.53
  0C:01B0    rs232.54
  0C:01B1    rs232.55
  0C:01B2    rs232.57
  0C:01B4    rs232.58
  0C:01B6    rs232.59
  0C:01B7    rs232.60
  0C:01B8    rs232.61
  0C:01BA    rs232.62
  0C:01BB    rs232.63
  0C:01BD    rs232.65
  0C:01C0    rs232.66
  0C:01C2    rs232.67
  0C:01C4    rs232.68
  0C:01C5    rs232.69
  0C:01C7    rs232.71
  0C:01CA    rs232.72
  0C:01CD    rs232.73
  0C:01CE    _rs232_purge_trame
  0C:01CE    rs232.78
  0C:01D0    rs232.79
  0C:01D2    rs232.80
  0C:01D5    rs232.81
  0C:01D7    rs232.82
  0C:01D9    rs232.83
  0C:01DA    rs232.85
  0C:01DC    rs232.86
  0C:01DD    rs232.87
  0C:01DF    rs232.88
  0C:01E1    rs232.89
  0C:01E3    rs232.90
  0C:01E5    rs232.91
  0C:01E7    rs232.92
  0C:01E8    _calcul_crc16
  0C:01E8    crc16.12
  0C:01EA    crc16.13
  0C:01EC    crc16.15
  0C:01ED    crc16.16
  0C:01EF    crc16.17
  0C:01F0    crc16.18
  0C:01F1    crc16.19
  0C:01F3    crc16.20
  0C:01F4    crc16.21
  0C:01F6    crc16.22
  0C:01F7    crc16.26
  0C:01F8    crc16.27
  0C:01F9    crc16.28
  0C:01FA    crc16.30
  0C:01FC    crc16.32
  0C:01FD    crc16.33
  0C:01FE    crc16.34
  0C:01FF    crc16.35
  0C:0200    crc16.36
  0C:0201    crc16.37
  0C:0202    crc16.38
  0C:0203    crc16.39
  0C:0205    crc16.41
  0C:0206    crc16.42
  0C:0208    crc16.43
  0C:0209    crc16.44
  0C:020A    crc16.45
  0C:020C    crc16.46
  0C:020D    crc16.48
  0C:020F    crc16.50
  0C:0210    crc16.51
  0C:0212    crc16.52
  0C:0213    _fct_ident
  0C:0213    fct_ident.12
  0C:0215    fct_ident.13
  0C:0217    fct_ident.14
  0C:0218    fct_ident.15
  0C:021A    fct_ident.16
  0C:021B    fct_ident.17
  0C:021D    fct_ident.18
  0C:021E    fct_ident.19
  0C:0220    fct_ident.21
  0C:0221    fct_ident.22
  0C:0223    fct_ident.23
  0C:0225    fct_ident.24
  0C:0226    fct_ident.25
  0C:0228    fct_ident.26
  0C:0229    fct_ident.27
  0C:022B    fct_ident.29
  0C:022C    fct_ident.30
  0C:022E    fct_ident.31
  0C:022F    fct_ident.32
  0C:0231    fct_ident.33
  0C:0232    fct_ident.34
  0C:0234    fct_ident.35
  0C:0235    fct_ident.36
  0C:0237    fct_ident.37
  0C:0238    fct_ident.38
  0C:023A    fct_ident.39
  0C:023B    fct_ident.40
  0C:023D    fct_ident.42
  0C:023E    fct_ident.43
  0C:0240    fct_ident.44
  0C:0241    fct_ident.45
  0C:0242    fct_ident.46
  0C:0244    fct_ident.47
  0C:0245    fct_ident.49
  0C:0246    fct_ident.50
  0C:0248    fct_ident.52
  0C:0249    fct_ident.53
  0C:024B    fct_ident.54
  0C:024C    fct_ident.56
  0C:024D    fct_ident.57
  0C:024F    fct_ident.58
  0C:0252    fct_ident.59
  0C:0253    fct_ident.60
  0C:0255    fct_ident.61
  0C:0256    fct_ident.63
  0C:0257    fct_ident.64
  0C:0259    fct_ident.65
  0C:025C    fct_ident.66
  0C:025D    fct_ident.67
  0C:025F    fct_ident.68
  0C:0260    fct_ident.70
  0C:0263    fct_ident.71
  0C:0264    _fct_sortie_tor
  0C:0264    fct_sortie_tor.12
  0C:0266    fct_sortie_tor.14
  0C:0268    fct_sortie_tor.15
  0C:0269    fct_sortie_tor.17
  0C:026B    fct_sortie_tor.18
  0C:026D    fct_sortie_tor.19
  0C:026E    fct_sortie_tor.21
  0C:0270    fct_sortie_tor.22
  0C:0272    fct_sortie_tor.104
  0C:0273    fct_sortie_tor.107
  0C:0275    fct_sortie_tor.108
  0C:0277    fct_sortie_tor.115
  0C:0279    fct_sortie_tor.116
  0C:027B    fct_sortie_tor.123
  0C:027D    fct_sortie_tor.124
  0C:027F    fct_sortie_tor.131
  0C:0281    fct_sortie_tor.132
  0C:0283    fct_sortie_tor.139
  0C:0285    fct_sortie_tor.140
  0C:0287    fct_sortie_tor.147
  0C:0289    fct_sortie_tor.148
  0C:028B    fct_sortie_tor.155
  0C:028D    fct_sortie_tor.156
  0C:028F    fct_sortie_tor.163
  0C:0291    fct_sortie_tor.164
  0C:0293    fct_sortie_tor.171
  0C:0295    fct_sortie_tor.172
  0C:0297    fct_sortie_tor.179
  0C:0299    fct_sortie_tor.180
  0C:029B    fct_sortie_tor.187
  0C:029D    fct_sortie_tor.188
  0C:029F    fct_sortie_tor.195
  0C:02A1    fct_sortie_tor.196
  0C:02A3    fct_sortie_tor.203
  0C:02A5    fct_sortie_tor.204
  0C:02A7    fct_sortie_tor.211
  0C:02A9    fct_sortie_tor.212
  0C:02AB    fct_sortie_tor.219
  0C:02AD    fct_sortie_tor.220
  0C:02AF    fct_sortie_tor.227
  0C:02B1    fct_sortie_tor.228
  0C:02B3    fct_sortie_tor.235
  0C:02B5    fct_sortie_tor.236
  0C:02B7    fct_sortie_tor.243
  0C:02B9    fct_sortie_tor.244
  0C:02BB    fct_sortie_tor.251
  0C:02BD    fct_sortie_tor.252
  0C:02BF    fct_sortie_tor.259
  0C:02C1    fct_sortie_tor.260
  0C:02C3    fct_sortie_tor.263
  0C:02C6    fct_sortie_tor.267
  0C:02C7    fct_sortie_tor.273
  0C:02C8    fct_sortie_tor.274
  0C:02C9    fct_sortie_tor.275
  0C:02CA    fct_sortie_tor.277
  0C:02CB    fct_sortie_tor.278
  0C:02CC    fct_sortie_tor.279
  0C:02CD    fct_sortie_tor.280
  0C:02CE    fct_sortie_tor.281
  0C:02D0    fct_sortie_tor.282
  0C:02D1    fct_sortie_tor.283
  0C:02D3    fct_sortie_tor.286
  0C:02D4    fct_sortie_tor.287
  0C:02D6    fct_sortie_tor.288
  0C:02D7    fct_sortie_tor.289
  0C:02D9    fct_sortie_tor.291
  0C:02DA    fct_sortie_tor.293
  0C:02DB    _raz_sortie_tor
  0C:02DB    fct_sortie_tor.300
  0C:02DD    fct_sortie_tor.302
  0C:02DF    fct_sortie_tor.303
  0C:02E0    fct_sortie_tor.305
  0C:02E1    fct_sortie_tor.388
  0C:02E3    fct_sortie_tor.395
  0C:02E5    fct_sortie_tor.402
  0C:02E7    fct_sortie_tor.409
  0C:02E9    fct_sortie_tor.416
  0C:02EB    fct_sortie_tor.423
  0C:02ED    fct_sortie_tor.430
  0C:02EF    fct_sortie_tor.437
  0C:02F1    fct_sortie_tor.444
  0C:02F3    fct_sortie_tor.451
  0C:02F5    fct_sortie_tor.458
  0C:02F7    fct_sortie_tor.465
  0C:02F9    fct_sortie_tor.472
  0C:02FB    fct_sortie_tor.479
  0C:02FD    fct_sortie_tor.486
  0C:02FF    fct_sortie_tor.493
  0C:0301    fct_sortie_tor.500
  0C:0303    fct_sortie_tor.507
  0C:0305    fct_sortie_tor.514
  0C:0307    fct_sortie_tor.521
  0C:0309    fct_sortie_tor.524
  0C:030C    fct_sortie_tor.528
  0C:030D    _start_of_conversion
  0C:030D    can.12
  0C:030F    can.13
  0C:0311    can.14
  0C:0313    can.15
  0C:0316    can.16
  0C:0318    can.17
  0C:0319    can.18
  0C:031C    can.19
  0C:031E    can.21
  0C:0320    can.22
  0C:0322    can.23
  0C:0324    can.24
  0C:0326    can.25
  0C:0327    _lance_start_of_conversion
  0C:0327    can.31
  0C:0329    can.32
  0C:032C    can.33
  0C:032E    can.34
  0C:0330    can.37
  0C:0333    can.38
  0C:0336    can.40
  0C:0338    can.41
  0C:0339    _recu_can
  0C:0339    can.47
  0C:033B    can.48
  0C:033D    can.49
  0C:033F    can.50
  0C:0340    can.51
  0C:0342    can.52
  0C:0345    can.53
  0C:0347    can.54
  0C:0349    can.55
  0C:034A    can.57
  0C:034C    can.58
  0C:034D    can.59
  0C:034E    can.60
  0C:0350    can.62
  0C:0351    can.63
  0C:0352    can.64
  0C:0353    can.65
  0C:0354    can.66
  0C:0355    can.67
  0C:0356    can.68
  0C:0358    can.69
  0C:0359    can.71
  0C:035A    can.72
  0C:035C    can.73
  0C:035E    can.74
  0C:035F    can.75
  0C:0361    can.76
  0C:0363    can.77
  0C:0364    can.78
  0C:0366    can.79
  0C:0368    can.81
  0C:0369    can.82
  0C:036B    can.83
  0C:036C    can.84
  0C:036E    can.85
  0C:0370    can.86
  0C:0371    can.87
  0C:0372    can.88
  0C:0373    can.89
  0C:0374    can.90
  0C:0375    can.91
  0C:0376    can.92
  0C:0377    can.93
  0C:0378    can.94
  0C:0379    can.95
  0C:037A    can.96
  0C:037B    can.97
  0C:037C    can.98
  0C:037D    can.99
  0C:037E    can.100
  0C:0381    can.103
  0C:0382    can.104
  0C:0384    can.105
  0C:0385    can.106
  0C:0387    can.107
  0C:0389    can.108
  0C:038A    can.109
  0C:038B    can.110
  0C:038C    can.111
  0C:038D    can.112
  0C:038E    can.113
  0C:038F    can.114
  0C:0390    can.115
  0C:0391    can.116
  0C:0392    can.117
  0C:0393    can.118
  0C:0396    can.121
  0C:0397    can.122
  0C:0399    can.123
  0C:039A    can.124
  0C:039C    can.125
  0C:039E    can.126
  0C:039F    can.127
  0C:03A0    can.128
  0C:03A1    can.129
  0C:03A2    can.130
  0C:03A3    can.131
  0C:03A4    can.132
  0C:03A7    can.135
  0C:03A8    can.136
  0C:03AA    can.137
  0C:03AB    can.138
  0C:03AD    can.139
  0C:03AF    can.140
  0C:03B0    can.141
  0C:03B1    can.143
  0C:03B4    can.144
  0C:03B6    can.145
  0C:03B8    can.146
  0C:03B9    _clignotant_run
  0C:03B9    cligno_run.12
  0C:03BB    cligno_run.13
  0C:03BE    cligno_run.14
  0C:03C0    cligno_run.15
  0C:03C2    cligno_run.16
  0C:03C4    cligno_run.17
  0C:03C6    cligno_run.18
  0C:03C8    cligno_run.20
  0C:03CA    cligno_run.21
  0C:03CB    _cdg_logiciel
  0C:03CB    cligno_run.27
  0C:03CD    cligno_run.28
  0C:03D0    cligno_run.29
  0C:03D2    cligno_run.30
  0C:03D4    cligno_run.31
  0C:03D6    cligno_run.32
  0C:03D9    cligno_run.34
  0C:03DB    cligno_run.35
  0C:03DC    _init_cdg_logiciel
  0C:03DC    cligno_run.38
  0C:03DE    cligno_run.39
  0C:03E1    cligno_run.40
  0C:03E3    cligno_run.41
  0C:03E5    cligno_run.42
  0C:03E7    cligno_run.43
  0C:03E8    _del_trame_on
  0C:03E8    cligno_run.49
  0C:03EA    cligno_run.50
  0C:03EB    _del_trame_off
  0C:03EB    cligno_run.52
  0C:03ED    cligno_run.53
  0C:03EE    _fct_entre_ana
  0C:03EE    fct_entre_ana.12
  0C:03F0    fct_entre_ana.13
  0C:03F2    fct_entre_ana.14
  0C:03F4    fct_entre_ana.15
  0C:03F5    fct_entre_ana.16
  0C:03F7    fct_entre_ana.17
  0C:03F8    fct_entre_ana.18
  0C:03FA    fct_entre_ana.19
  0C:03FB    fct_entre_ana.21
  0C:03FD    fct_entre_ana.22
  0C:03FE    fct_entre_ana.23
  0C:0400    fct_entre_ana.25
  0C:0402    fct_entre_ana.26
  0C:0403    fct_entre_ana.28
  0C:0406    fct_entre_ana.29
  0C:0407    fct_entre_ana.31
  0C:0409    fct_entre_ana.32
  0C:040B    fct_entre_ana.33
  0C:040D    fct_entre_ana.34
  0C:040E    fct_entre_ana.35
  0C:0410    fct_entre_ana.36
  0C:0411    fct_entre_ana.37
  0C:0413    fct_entre_ana.38
  0C:0414    fct_entre_ana.40
  0C:0415    fct_entre_ana.41
  0C:0416    fct_entre_ana.42
  0C:0417    fct_entre_ana.43
  0C:0418    fct_entre_ana.44
  0C:0419    fct_entre_ana.45
  0C:041A    fct_entre_ana.46
  0C:041B    fct_entre_ana.47
  0C:041C    fct_entre_ana.48
  0C:041D    fct_entre_ana.49
  0C:041E    fct_entre_ana.50
  0C:041F    fct_entre_ana.53
  0C:0420    fct_entre_ana.54
  0C:0421    fct_entre_ana.55
  0C:0422    fct_entre_ana.56
  0C:0423    fct_entre_ana.57
  0C:0425    fct_entre_ana.59
  0C:0428    fct_entre_ana.60
  0C:0429    _polling_entre_tor
  0C:0429    fct_entre_tor.12
  0C:042B    fct_entre_tor.48
  0C:042E    fct_entre_tor.128
  0C:0430    fct_entre_tor.129
  0C:0432    fct_entre_tor.130
  0C:0433    fct_entre_tor.131
  0C:0434    fct_entre_tor.132
  0C:0436    fct_entre_tor.139
  0C:0438    fct_entre_tor.140
  0C:043A    fct_entre_tor.141
  0C:043B    fct_entre_tor.142
  0C:043C    fct_entre_tor.143
  0C:043D    fct_entre_tor.144
  0C:043F    fct_entre_tor.151
  0C:0441    fct_entre_tor.152
  0C:0443    fct_entre_tor.153
  0C:0444    fct_entre_tor.154
  0C:0445    fct_entre_tor.155
  0C:0446    fct_entre_tor.156
  0C:0447    fct_entre_tor.157
  0C:0449    fct_entre_tor.164
  0C:044B    fct_entre_tor.165
  0C:044D    fct_entre_tor.166
  0C:044E    fct_entre_tor.167
  0C:044F    fct_entre_tor.168
  0C:0450    fct_entre_tor.169
  0C:0451    fct_entre_tor.170
  0C:0452    fct_entre_tor.171
  0C:0454    fct_entre_tor.178
  0C:0456    fct_entre_tor.179
  0C:0458    fct_entre_tor.180
  0C:0459    fct_entre_tor.181
  0C:045A    fct_entre_tor.182
  0C:045B    fct_entre_tor.183
  0C:045C    fct_entre_tor.184
  0C:045D    fct_entre_tor.185
  0C:045F    fct_entre_tor.192
  0C:0461    fct_entre_tor.193
  0C:0463    fct_entre_tor.194
  0C:0464    fct_entre_tor.195
  0C:0465    fct_entre_tor.196
  0C:0466    fct_entre_tor.197
  0C:0467    fct_entre_tor.198
  0C:0469    fct_entre_tor.205
  0C:046B    fct_entre_tor.206
  0C:046D    fct_entre_tor.207
  0C:046E    fct_entre_tor.208
  0C:046F    fct_entre_tor.209
  0C:0470    fct_entre_tor.210
  0C:0472    fct_entre_tor.217
  0C:0474    fct_entre_tor.218
  0C:0476    fct_entre_tor.219
  0C:0477    fct_entre_tor.220
  0C:0478    fct_entre_tor.221
  0C:047A    fct_entre_tor.228
  0C:047C    fct_entre_tor.229
  0C:047E    fct_entre_tor.236
  0C:0480    fct_entre_tor.237
  0C:0482    fct_entre_tor.244
  0C:0484    fct_entre_tor.245
  0C:0486    fct_entre_tor.252
  0C:0488    fct_entre_tor.253
  0C:048A    fct_entre_tor.260
  0C:048C    fct_entre_tor.261
  0C:048E    fct_entre_tor.268
  0C:0490    fct_entre_tor.269
  0C:0492    fct_entre_tor.276
  0C:0494    fct_entre_tor.277
  0C:0496    fct_entre_tor.284
  0C:0498    fct_entre_tor.285
  0C:049A    fct_entre_tor.292
  0C:049C    fct_entre_tor.293
  0C:049E    fct_entre_tor.300
  0C:04A0    fct_entre_tor.301
  0C:04A2    fct_entre_tor.308
  0C:04A4    fct_entre_tor.309
  0C:04A6    fct_entre_tor.316
  0C:04A8    fct_entre_tor.317
  0C:04AA    fct_entre_tor.324
  0C:04AC    fct_entre_tor.325
  0C:04AE    fct_entre_tor.332
  0C:04B0    fct_entre_tor.333
  0C:04B2    fct_entre_tor.340
  0C:04B4    fct_entre_tor.341
  0C:04B6    fct_entre_tor.348
  0C:04B8    fct_entre_tor.349
  0C:04BA    fct_entre_tor.356
  0C:04BC    fct_entre_tor.357
  0C:04BE    fct_entre_tor.364
  0C:04C0    fct_entre_tor.365
  0C:04C2    fct_entre_tor.372
  0C:04C4    fct_entre_tor.373
  0C:04C6    fct_entre_tor.380
  0C:04C8    fct_entre_tor.381
  0C:04CA    fct_entre_tor.384
  0C:04CD    fct_entre_tor.388
  0C:04CE    fct_entre_tor.394
  0C:04CF    fct_entre_tor.395
  0C:04D0    fct_entre_tor.396
  0C:04D2    fct_entre_tor.400
  0C:04D4    fct_entre_tor.401
  0C:04D5    fct_entre_tor.402
  0C:04D6    fct_entre_tor.404
  0C:04D7    fct_entre_tor.405
  0C:04D9    fct_entre_tor.406
  0C:04DA    fct_entre_tor.407
  0C:04DC    fct_entre_tor.409
  0C:04DD    fct_entre_tor.410
  0C:04DF    fct_entre_tor.411
  0C:04E0    fct_entre_tor.414
  0C:04E1    fct_entre_tor.415
  0C:04E2    _fct_entre_tor
  0C:04E2    fct_entre_tor.422
  0C:04E4    fct_entre_tor.423
  0C:04E6    fct_entre_tor.424
  0C:04E7    fct_entre_tor.425
  0C:04E9    fct_entre_tor.426
  0C:04EA    fct_entre_tor.427
  0C:04EC    fct_entre_tor.428
  0C:04ED    fct_entre_tor.429
  0C:04EE    fct_entre_tor.430
  0C:04EF    fct_entre_tor.431
  0C:04F0    fct_entre_tor.432
  0C:04F2    fct_entre_tor.433
  0C:04F4    fct_entre_tor.434
  0C:04F5    fct_entre_tor.435
  0C:04F7    fct_entre_tor.437
  0C:04F8    fct_entre_tor.438
  0C:04F9    fct_entre_tor.439
  0C:04FB    fct_entre_tor.441
  0C:04FE    fct_entre_tor.442
  0C:04FF    fct_entre_tor.445
  0C:0501    fct_entre_tor.446
  0C:0503    fct_entre_tor.448
  0C:0505    fct_entre_tor.450
  0C:0506    fct_entre_tor.451
  0C:0508    fct_entre_tor.452
  0C:0509    fct_entre_tor.453
  0C:050B    fct_entre_tor.454
  0C:050C    fct_entre_tor.455
  0C:050E    fct_entre_tor.456
  0C:050F    fct_entre_tor.457
  0C:0511    fct_entre_tor.460
  0C:0514    fct_entre_tor.461
  0C:0517    fct_entre_tor.463
  0C:0518    fct_entre_tor.464
  0C:0519    fct_entre_tor.466
  0C:051A    fct_entre_tor.467
  0C:051B    fct_entre_tor.468
  0C:051C    fct_entre_tor.469
  0C:051D    fct_entre_tor.471
  0C:0520    fct_entre_tor.472
  0C:0521    fct_entre_tor.478
  0C:0523    fct_entre_tor.479
  0C:0524    fct_entre_tor.480
  0C:0525    fct_entre_tor.481
  0C:0526    fct_entre_tor.483
  0C:0527    fct_entre_tor.484
  0C:0528    fct_entre_tor.485
  0C:0529    fct_entre_tor.486
  0C:052B    fct_entre_tor.488
  0C:052C    fct_entre_tor.489
  0C:052D    fct_entre_tor.490
  0C:052E    fct_entre_tor.492
  0C:052F    fct_entre_tor.493
  0C:0530    fct_entre_tor.494
  0C:0531    fct_entre_tor.495
  0C:0532    fct_entre_tor.496
  0C:0534    fct_entre_tor.497
  0C:0535    fct_entre_tor.498
  0C:0537    fct_entre_tor.499
  0C:0538    fct_entre_tor.500
  0C:053A    fct_entre_tor.502

Hexadecimal

Area                               Addr   Size   Decimal Bytes (Attributes)
--------------------------------   ----   ----   ------- ----- ------------
INTSEG                             0000   0074 =    116. bytes (ABS,OVR)

      Value  Global
   --------  --------------------------------
     0000    interruption.12
     0003    interruption.14
     000B    interruption.20
     000E    interruption.21
     0013    interruption.24
     001B    interruption.30
     0023    interruption.36
     0026    interruption.37
     0029    interruption.39
     002B    interruption.42
     0033    interruption.44
     003B    interruption.46
     0043    interruption.48
     004B    interruption.50
     0053    interruption.55
     0056    interruption.56
     0059    interruption.57
     005B    interruption.60
     0063    interruption.62
     006B    interruption.64
     0073    interruption.66
ASxxxx Linker V01.70 + NoICE + SDCC Feb 1999,  page 1.

Files Linked	  [ module(s) ]

init            
rs232           
interruption    
crc16           
fct_ident       
fct_sortie_tor  
can             
cligno_run      
fct_entre_ana   
fct_entre_tor   
ASxxxx Linker V01.70 + NoICE + SDCC Feb 1999,  page 2.

User Base Address Definitions

CSEG = 0x007B
INTSEG = 0x0000
RAMINTERNE_DIRECTE = 0x0030
RAMINTERNE_INDIRECTE = 0x0080
BSEG = 0x0000

