ASxxxx Assembler V01.70 + NoICE + SDCC mods + Flat24 Feb-1999  (Intel 8051), page 1.



                              1 ;-----------------------------------------------------------------------------------------------------------
                              2 ; fct_entre_tor.asm    Fonction d'envoi des entrees TOR
                              3 ; Sébastien Lefevre                                                            dim 13 jun 2004 17:02:11 CEST
                              4 ;-----------------------------------------------------------------------------------------------------------
                              5         .module FctEntreTOR
ASxxxx Assembler V01.70 + NoICE + SDCC mods + Flat24 Feb-1999  (Intel 8051), page 2.



                              6 	.include "cst.asm"
                              1 ;-----------------------------------------------------------------------------------------------------------
                              2 ; cst.asm    Definition des constantes prgs
                              3 ; Sébastien Lefevre                                                            mar 08 jun 2004 12:49:36 CEST 
                              4 ;-----------------------------------------------------------------------------------------------------------
                              5 
ASxxxx Assembler V01.70 + NoICE + SDCC mods + Flat24 Feb-1999  (Intel 8051), page 3.



                              6         .include "conf.asm"                                                       ; Inclusion des constantes 
                    0001      1 ID_ESCLAVE = 1
                    0008      2 NBR_ENTRE_ANA = 8
                    0014      3 NBR_ENTRE_TOR = 20
                    0000      4 NBR_ENTRE_CHOC = 0
                    0000      5 NBR_SORTIE_TOR = 0
                    0000      6 NBR_SORTIE_ANA = 0
ASxxxx Assembler V01.70 + NoICE + SDCC mods + Flat24 Feb-1999  (Intel 8051), page 4.



                              7 ;----------------------------------------Déclarations des prototypes de fonctions --------------------------
                              8         .globl _start                                                                        ; dans init.asm
                              9         .globl TRAME_RECUE
                             10         .globl RX_BUF
                             11         .globl TX_BUF
                             12         .globl INPUT_BUF
                             13         .globl ENTRE_ANA_BUF
                             14         .globl ID_IDENT
                             15         .globl NBR_INT_CAN
                             16 
                             17         .globl _envoyer_rs232                                                               ; dans rs232.asm
                             18         .globl _recu_rs232
                             19         .globl _rs232_purge_trame
                             20 
                             21         .globl _clignotant_run                                                         ; Dans cligno_run.asm
                             22         .globl _del_trame_on
                             23         .globl _del_trame_off
                             24         .globl _cdg_logiciel
                             25         .globl _init_cdg_logiciel
                             26 
                             27         .globl _calcul_crc16                                                                ; dans crc16.asm
                             28 
                             29         .globl _start_of_conversion                                                           ; dans can.asm
                             30         .globl _recu_can
                             31 	.globl _lance_start_of_conversion
                             32         .globl CAN_PRET
                             33 
                             34         .globl _fct_entre_ana                                                       ; dans fct_entre_ana.asm
                             35 
                             36         .globl _fct_entre_tor                                                       ; dans fct_entre_tor.asm
                             37         .globl _raz_sortie_tor
                             38         .globl _polling_entre_tor
                             39 
                             40         .globl _fct_ident                                                               ; dans fct_ident.asm
                             41 
                             42         .globl _fct_sortie_tor                                                     ; dans fct_sortie_tor.asm
                             43 
                             44 ;---------------------------------------- Constantes communes à tous ---------------------------------------
                    00FF     45 	ID_MAITRE         = 0xFF
                    0003     46 	VERSION_MAJOR     = 0x03
                    0001     47 	VERSION_MINOR     = 0x01
                    0018     48 	TAILLE_BUF        = 24
                    0006     49 	TAILLE_ENTETE     = 6
                    00C0     50 	P4                = 0xC0
                    00C0     51 	P4.0              = 0xC0
                    00C1     52 	P4.1              = 0xC1
                    00C2     53 	P4.2              = 0xC2
                    00C3     54 	P4.3              = 0xC3
                    00C4     55 	P4.4              = 0xC4
                    00C5     56 	P4.5              = 0xC5
                    00C6     57 	P4.6              = 0xC6
                    00C7     58 	P4.7              = 0xC7
                             59 
                    00C4     60 	P5                = 0xC4     ; P5 c'est pas D0 ->>>> a voir !!
                    00FF     61 	T3                = 0xFF
                    00C5     62 	ADCON             = 0xC5
ASxxxx Assembler V01.70 + NoICE + SDCC mods + Flat24 Feb-1999  (Intel 8051), page 5.



                    00C6     63 	ADCH              = 0xC6
                    00C8     64 	ADCS              = 0xC8
                    00C9     65 	ADCI              = 0xC9
                    00CC     66 	ADC1              = 0xCC
                    00CB     67 	ADC0              = 0xCB
                    00A8     68         IEN0              = 0xA8
                    0003     69 	IndexTrame_taille = 3
                             70 
                    0001     71 	FCT_IDENT         = 0x01
                    0002     72 	FCT_ENTRE_TOR     = 0x02
                    0003     73 	FCT_ENTRE_ANA     = 0x03
                    0004     74 	FCT_SORTIE_TOR    = 0x04
                    00F0     75 	DEBUG_PRENDRE_LIGNE = 0xF0
                    00F1     76 	DEBUG_LIBERE_LIGNE= 0xF1
                    00FF     77 	FCT_PING          = 0xFF
                             78 
                    0000     79 	BANK0             = 0x00
                    0008     80 	BANK1             = 0x08
                    0010     81 	BANK2             = 0x10
                    0018     82 	BANK3             = 0x18
                             83 ;-----------------------------------------------------------------------------------------------------------
ASxxxx Assembler V01.70 + NoICE + SDCC mods + Flat24 Feb-1999  (Intel 8051), page 6.



                              7 	.area CSEG	(CODE)
                              8 ;-----------------------------------------------------------------------------------------------------------
                              9 ; _polling_entre_tor: Surveille les etats entre TOR et les sauvegardes le cas echeant
                             10 ;-----------------------------------------------------------------------------------------------------------
   0000                      11 _polling_entre_tor:
   0000 78 00                12         mov R0,#INPUT_BUF
                             13 	
                    0008     14 	.if #NBR_ENTRE_ANA - 0
                             15 	.else
                             16         ljmp _polling_entre_tor_0
                             17         .endif
                    0007     18 	.if #NBR_ENTRE_ANA - 1
                             19  	.else
                             20         ljmp _polling_entre_tor_1
                             21         .endif
                    0006     22 	.if #NBR_ENTRE_ANA - 2
                             23  	.else
                             24         ljmp _polling_entre_tor_2
                             25         .endif
                    0005     26 	.if #NBR_ENTRE_ANA - 3
                             27 	.else
                             28         ljmp _polling_entre_tor_3
                             29         .endif
                    0004     30 	.if #NBR_ENTRE_ANA - 4
                             31 	.else
                             32         ljmp _polling_entre_tor_4
                             33         .endif
                    0003     34 	.if #NBR_ENTRE_ANA - 5
                             35 	.else
                             36         ljmp _polling_entre_tor_5
                             37         .endif
                    0002     38 	.if #NBR_ENTRE_ANA - 6
                             39 	.else
                             40         ljmp _polling_entre_tor_6
                             41         .endif
                    0001     42 	.if #NBR_ENTRE_ANA - 7
                             43 	.else
                             44         ljmp _polling_entre_tor_7
                             45         .endif
                    0000     46 	.if #NBR_ENTRE_ANA - 8
                             47 	.else
   0002 02 00 51             48         ljmp _polling_entre_tor_8
                             49         .endif
                    FFFFFFFF     50 	.if #NBR_ENTRE_ANA - 9
                             51 	.else
                             52         ljmp _polling_entre_tor_9
                             53         .endif
                    FFFFFFFE     54 	.if #NBR_ENTRE_ANA - 10
                             55 	.else
                             56         ljmp _polling_entre_tor_10
                             57         .endif
                    FFFFFFFD     58 	.if #NBR_ENTRE_ANA - 11
                             59 	.else
                             60         ljmp _polling_entre_tor_11
                             61         .endif
                    FFFFFFFC     62 	.if #NBR_ENTRE_ANA - 12
ASxxxx Assembler V01.70 + NoICE + SDCC mods + Flat24 Feb-1999  (Intel 8051), page 7.



                             63 	.else
                             64         ljmp _polling_entre_tor_12
                             65         .endif
                    FFFFFFFB     66 	.if #NBR_ENTRE_ANA - 13
                             67  	.else
                             68         ljmp _polling_entre_tor_13
                             69         .endif
                    FFFFFFFA     70 	.if #NBR_ENTRE_ANA - 14
                             71 	.else
                             72         ljmp _polling_entre_tor_14
                             73         .endif
                    FFFFFFF9     74 	.if #NBR_ENTRE_ANA - 15
                             75 	.else
                             76         ljmp _polling_entre_tor_15
                             77         .endif
                    FFFFFFF8     78 	.if #NBR_ENTRE_ANA - 16
                             79 	.else
                             80         ljmp _polling_entre_tor_16
                             81         .endif
                    FFFFFFF7     82 	.if #NBR_ENTRE_ANA - 17
                             83 	.else
                             84         ljmp _polling_entre_tor_17
                             85         .endif
                    FFFFFFF6     86 	.if #NBR_ENTRE_ANA - 18
                             87 	.else
                             88         ljmp _polling_entre_tor_18
                             89         .endif
                    FFFFFFF5     90 	.if #NBR_ENTRE_ANA - 19
                             91 	.else
                             92         ljmp _polling_entre_tor_19
                             93         .endif
                    FFFFFFF4     94 	.if #NBR_ENTRE_ANA - 20
                             95 	.else
                             96         ljmp _polling_entre_tor_20
                             97         .endif
                    FFFFFFF3     98 	.if #NBR_ENTRE_ANA - 21
                             99 	.else
                            100         ljmp _polling_entre_tor_21
                            101         .endif
                    FFFFFFF2    102 	.if #NBR_ENTRE_ANA - 22
                            103 	.else
                            104         ljmp _polling_entre_tor_22
                            105         .endif
                    FFFFFFF1    106 	.if #NBR_ENTRE_ANA - 23
                            107 	.else
                            108         ljmp _polling_entre_tor_23
                            109         .endif
                    FFFFFFF0    110 	.if #NBR_ENTRE_ANA - 24
                            111 	.else
                            112         ljmp _polling_entre_tor_24
                            113         .endif
                    FFFFFFEF    114 	.if #NBR_ENTRE_ANA - 25
                            115 	.else
                            116         ljmp _polling_entre_tor_25
                            117         .endif
                    FFFFFFEE    118 	.if #NBR_ENTRE_ANA - 26
ASxxxx Assembler V01.70 + NoICE + SDCC mods + Flat24 Feb-1999  (Intel 8051), page 8.



                            119 	.else
                            120         ljmp _polling_entre_tor_26
                            121         .endif
                    FFFFFFED    122 	.if #NBR_ENTRE_ANA - 27
                            123 	.else
                            124         ljmp _polling_entre_tor_27
                            125         .endif
                            126 
   0005                     127 _polling_entre_tor_0:
   0005 E5 C4               128 	mov A,P5
   0007 54 01               129 	anl A,#0x01
   0009 C3                  130 	clr C
   000A 13                  131 	rrc A
   000B 00 A5               132         acall _polling_entre_tor_test
                    001B    133 	.if #NBR_ENTRE_ANA+#NBR_ENTRE_TOR - 1
                            134 	.else
                            135         ljmp _polling_entre_tor_fin
                            136         .endif
                            137 	
   000D                     138 _polling_entre_tor_1:
   000D E5 C4               139 	mov A,P5
   000F 54 02               140 	anl A,#0x02
   0011 C3                  141         clr C
   0012 13                  142         rrc A
   0013 13                  143         rrc A
   0014 00 A5               144         acall _polling_entre_tor_test
                    001A    145 	.if #NBR_ENTRE_ANA+#NBR_ENTRE_TOR - 2
                            146 	.else
                            147         ljmp _polling_entre_tor_fin
                            148         .endif
                            149 	
   0016                     150 _polling_entre_tor_2:
   0016 E5 C4               151 	mov A,P5
   0018 54 04               152 	anl A,#0x04
   001A C3                  153 	clr C
   001B 13                  154 	rrc A
   001C 13                  155 	rrc A
   001D 13                  156 	rrc A
   001E 00 A5               157         acall _polling_entre_tor_test
                    0019    158 	.if #NBR_ENTRE_ANA+#NBR_ENTRE_TOR - 3
                            159 	.else
                            160         ljmp _polling_entre_tor_fin
                            161         .endif
                            162 
   0020                     163 _polling_entre_tor_3:
   0020 E5 C4               164 	mov A,P5
   0022 54 08               165 	anl A,#0x08
   0024 C3                  166 	clr C
   0025 13                  167 	rrc A
   0026 13                  168 	rrc A
   0027 13                  169 	rrc A
   0028 13                  170 	rrc A
   0029 00 A5               171         acall _polling_entre_tor_test
                    0018    172 	.if #NBR_ENTRE_ANA+#NBR_ENTRE_TOR - 4
                            173 	.else
                            174         ljmp _polling_entre_tor_fin
ASxxxx Assembler V01.70 + NoICE + SDCC mods + Flat24 Feb-1999  (Intel 8051), page 9.



                            175         .endif
                            176 
   002B                     177 _polling_entre_tor_4:
   002B E5 C4               178 	mov A,P5
   002D 54 10               179 	anl A,#0x10
   002F C3                  180 	clr C
   0030 33                  181 	rlc A
   0031 33                  182 	rlc A
   0032 33                  183 	rlc A
   0033 33                  184 	rlc A
   0034 00 A5               185         acall _polling_entre_tor_test
                    0017    186 	.if #NBR_ENTRE_ANA+#NBR_ENTRE_TOR - 5
                            187 	.else
                            188         ljmp _polling_entre_tor_fin
                            189         .endif
                            190 	
   0036                     191 _polling_entre_tor_5:
   0036 E5 C4               192 	mov A,P5
   0038 54 20               193 	anl A,#0x20
   003A C3                  194 	clr C
   003B 33                  195 	rlc A
   003C 33                  196 	rlc A
   003D 33                  197 	rlc A
   003E 00 A5               198         acall _polling_entre_tor_test
                    0016    199 	.if #NBR_ENTRE_ANA+#NBR_ENTRE_TOR - 6
                            200 	.else
                            201         ljmp _polling_entre_tor_fin
                            202         .endif
                            203 	
   0040                     204 _polling_entre_tor_6:
   0040 E5 C4               205 	mov A,P5
   0042 54 40               206 	anl A,#0x40
   0044 C3                  207 	clr C
   0045 33                  208 	rlc A
   0046 33                  209 	rlc A
   0047 00 A5               210         acall _polling_entre_tor_test
                    0015    211 	.if #NBR_ENTRE_ANA+#NBR_ENTRE_TOR - 7
                            212 	.else
                            213         ljmp _polling_entre_tor_fin
                            214         .endif
                            215 	
   0049                     216 _polling_entre_tor_7:
   0049 E5 C4               217 	mov A,P5
   004B 54 80               218 	anl A,#0x80
   004D C3                  219 	clr C
   004E 33                  220 	rlc A
   004F 00 A5               221         acall _polling_entre_tor_test
                    0014    222 	.if #NBR_ENTRE_ANA+#NBR_ENTRE_TOR - 8
                            223 	.else
                            224         ljmp _polling_entre_tor_fin
                            225         .endif
                            226 
   0051                     227 _polling_entre_tor_8:
   0051 A2 90               228 	mov C,P1.0
   0053 00 A5               229         acall _polling_entre_tor_test
                    0013    230 	.if #NBR_ENTRE_ANA+#NBR_ENTRE_TOR - 9
ASxxxx Assembler V01.70 + NoICE + SDCC mods + Flat24 Feb-1999  (Intel 8051), page 10.



                            231 	.else
                            232         ljmp _polling_entre_tor_fin
                            233         .endif
                            234 	
   0055                     235 _polling_entre_tor_9:
   0055 A2 91               236 	mov C,P1.1
   0057 00 A5               237         acall _polling_entre_tor_test
                    0012    238 	.if #NBR_ENTRE_ANA+#NBR_ENTRE_TOR - 10
                            239 	.else
                            240         ljmp _polling_entre_tor_fin
                            241         .endif
                            242 	
   0059                     243 _polling_entre_tor_10:
   0059 A2 92               244 	mov C,P1.2
   005B 00 A5               245         acall _polling_entre_tor_test
                    0011    246 	.if #NBR_ENTRE_ANA+#NBR_ENTRE_TOR - 11
                            247 	.else
                            248         ljmp _polling_entre_tor_fin
                            249         .endif
                            250 
   005D                     251 _polling_entre_tor_11:
   005D A2 93               252 	mov C,P1.3
   005F 00 A5               253         acall _polling_entre_tor_test
                    0010    254 	.if #NBR_ENTRE_ANA+#NBR_ENTRE_TOR - 12
                            255 	.else
                            256         ljmp _polling_entre_tor_fin
                            257         .endif
                            258 	
   0061                     259 _polling_entre_tor_12:
   0061 A2 94               260 	mov C,P1.4
   0063 00 A5               261         acall _polling_entre_tor_test
                    000F    262 	.if #NBR_ENTRE_ANA+#NBR_ENTRE_TOR - 13
                            263 	.else
                            264         ljmp _polling_entre_tor_fin
                            265         .endif
                            266 	
   0065                     267 _polling_entre_tor_13:
   0065 A2 95               268 	mov C,P1.5
   0067 00 A5               269         acall _polling_entre_tor_test
                    000E    270 	.if #NBR_ENTRE_ANA+#NBR_ENTRE_TOR - 14
                            271 	.else
                            272         ljmp _polling_entre_tor_fin
                            273         .endif
                            274 	
   0069                     275 _polling_entre_tor_14:
   0069 A2 96               276 	mov C,P1.6
   006B 00 A5               277         acall _polling_entre_tor_test
                    000D    278 	.if #NBR_ENTRE_ANA+#NBR_ENTRE_TOR - 15
                            279 	.else
                            280         ljmp _polling_entre_tor_fin
                            281         .endif
                            282 	
   006D                     283 _polling_entre_tor_15:
   006D A2 97               284 	mov C,P1.7
   006F 00 A5               285         acall _polling_entre_tor_test
                    000C    286 	.if #NBR_ENTRE_ANA+#NBR_ENTRE_TOR - 16
ASxxxx Assembler V01.70 + NoICE + SDCC mods + Flat24 Feb-1999  (Intel 8051), page 11.



                            287 	.else
                            288         ljmp _polling_entre_tor_fin
                            289         .endif
                            290 	
   0071                     291 _polling_entre_tor_16:
   0071 A2 C0               292 	mov C,P4.0
   0073 00 A5               293         acall _polling_entre_tor_test
                    000B    294 	.if #NBR_ENTRE_ANA+#NBR_ENTRE_TOR - 17
                            295 	.else
                            296         ljmp _polling_entre_tor_fin
                            297         .endif
                            298 	
   0075                     299 _polling_entre_tor_17:
   0075 A2 C1               300 	mov C,P4.1
   0077 00 A5               301         acall _polling_entre_tor_test
                    000A    302 	.if #NBR_ENTRE_ANA+#NBR_ENTRE_TOR - 18
                            303 	.else
                            304         ljmp _polling_entre_tor_fin
                            305         .endif
                            306 	
   0079                     307 _polling_entre_tor_18:
   0079 A2 C2               308 	mov C,P4.2
   007B 00 A5               309         acall _polling_entre_tor_test
                    0009    310 	.if #NBR_ENTRE_ANA+#NBR_ENTRE_TOR - 19
                            311 	.else
                            312         ljmp _polling_entre_tor_fin
                            313         .endif
                            314 	
   007D                     315 _polling_entre_tor_19:
   007D A2 C3               316 	mov C,P4.3
   007F 00 A5               317         acall _polling_entre_tor_test
                    0008    318 	.if #NBR_ENTRE_ANA+#NBR_ENTRE_TOR - 20
                            319 	.else
                            320         ljmp _polling_entre_tor_fin
                            321         .endif
                            322 	
   0081                     323 _polling_entre_tor_20:
   0081 A2 C4               324 	mov C,P4.4
   0083 00 A5               325         acall _polling_entre_tor_test
                    0007    326 	.if #NBR_ENTRE_ANA+#NBR_ENTRE_TOR - 21
                            327 	.else
                            328         ljmp _polling_entre_tor_fin
                            329         .endif
                            330 	
   0085                     331 _polling_entre_tor_21:
   0085 A2 C5               332 	mov C,P4.5
   0087 00 A5               333         acall _polling_entre_tor_test
                    0006    334 	.if #NBR_ENTRE_ANA+#NBR_ENTRE_TOR - 22
                            335 	.else
                            336         ljmp _polling_entre_tor_fin
                            337         .endif
                            338 	
   0089                     339 _polling_entre_tor_22:
   0089 A2 C6               340 	mov C,P4.6
   008B 00 A5               341         acall _polling_entre_tor_test
                    0005    342 	.if #NBR_ENTRE_ANA+#NBR_ENTRE_TOR - 23
ASxxxx Assembler V01.70 + NoICE + SDCC mods + Flat24 Feb-1999  (Intel 8051), page 12.



                            343 	.else
                            344         ljmp _polling_entre_tor_fin
                            345         .endif
                            346 	
   008D                     347 _polling_entre_tor_23:
   008D A2 C7               348 	mov C,P4.7
   008F 00 A5               349         acall _polling_entre_tor_test
                    0004    350 	.if #NBR_ENTRE_ANA+#NBR_ENTRE_TOR - 24
                            351 	.else
                            352         ljmp _polling_entre_tor_fin
                            353         .endif
                            354 	
   0091                     355 _polling_entre_tor_24:
   0091 A2 B2               356 	mov C,P3.2
   0093 00 A5               357         acall _polling_entre_tor_test
                    0003    358 	.if #NBR_ENTRE_ANA+#NBR_ENTRE_TOR - 25
                            359 	.else
                            360         ljmp _polling_entre_tor_fin
                            361         .endif
                            362 
   0095                     363 _polling_entre_tor_25:
   0095 A2 B3               364 	mov C,P3.3
   0097 00 A5               365         acall _polling_entre_tor_test
                    0002    366 	.if #NBR_ENTRE_ANA+#NBR_ENTRE_TOR - 26
                            367 	.else
                            368         ljmp _polling_entre_tor_fin
                            369         .endif
                            370 
   0099                     371 _polling_entre_tor_26:
   0099 A2 B4               372 	mov C,P3.4
   009B 00 A5               373         acall _polling_entre_tor_test
                    0001    374 	.if #NBR_ENTRE_ANA+#NBR_ENTRE_TOR - 27
                            375 	.else
                            376         ljmp _polling_entre_tor_fin
                            377         .endif
                            378 
   009D                     379 _polling_entre_tor_27:
   009D A2 B5               380 	mov C,P3.5
   009F 00 A5               381         acall _polling_entre_tor_test
                    0000    382 	.if #NBR_ENTRE_ANA+#NBR_ENTRE_TOR - 28
                            383 	.else
   00A1 02 00 A4            384         ljmp _polling_entre_tor_fin
                            385         .endif
                            386 
   00A4                     387 _polling_entre_tor_fin:
   00A4 22                  388         ret
                            389 ;-----------------------------------------------------------------------------------------------------------
                            390 ; _polling_entre_tor_test: Compare la valeur reelle d'un port avec celle sauvegardée et met à jour le cas
                            391 ; échéant                                                                                                   
                            392 ;-----------------------------------------------------------------------------------------------------------
   00A5                     393 _polling_entre_tor_test:
   00A5 E6                  394         mov A,@R0
   00A6 F9                  395         mov R1,A                             ; Sauvegarde
   00A7 54 02               396 	anl A,#0x02                          ; Bit 1: Locké par le PC ou non ??
                            397 	;;; desactivé pb fenetre cuisine 10/07/05 
                            398         ;;; jnz _polling_entre_tor_test_fin      ; Locké ? -> Pas touche !
ASxxxx Assembler V01.70 + NoICE + SDCC mods + Flat24 Feb-1999  (Intel 8051), page 13.



                            399 
   00A9 74 00               400         mov A,#0x00                          ; C possede la valeur reelle du port à tester
   00AB 33                  401 	rlc A                                ; A recupere la valeur de C
   00AC FA                  402         mov R2,A
                            403 
   00AD E9                  404         mov A,R1                             ; recup de l'etat n-1
   00AE 54 01               405 	anl A,#0x01
   00B0 9A                  406 	subb A,R2
   00B1 60 04               407 	jz _polling_entre_tor_test_fin       ; rien n'a changé, on se barre
                            408 	
   00B3 EA                  409         mov A,R2
   00B4 44 02               410         orl A,#0x02
   00B6 F6                  411         mov @R0,A
                            412 
   00B7                     413 _polling_entre_tor_test_fin:
   00B7 08                  414         inc R0
   00B8 22                  415         ret
                            416 
                            417 
                            418 ;-----------------------------------------------------------------------------------------------------------
                            419 ; _fct_entre_tor: Envoi de l'etat des entrées TOR
                            420 ;-----------------------------------------------------------------------------------------------------------
   00B9                     421 _fct_entre_tor:
   00B9 78 00               422 	mov R0,#TX_BUF
   00BB 76 FF               423 	mov @R0, #ID_MAITRE           ; envoie au maitre
   00BD 08                  424 	inc R0
   00BE 76 01               425 	mov @R0, #ID_ESCLAVE          ; source
   00C0 08                  426 	inc R0
   00C1 76 02               427 	mov @R0, #FCT_ENTRE_TOR       ; fonction
   00C3 08                  428 	inc R0
   00C4 E8                  429         mov A,R0
   00C5 FA                  430         mov R2,A                      ; R2 pointe sur le champ taille de trame
   00C6 08                  431 	inc R0                        ; R0 pointe sur le debut donnees trame.
   00C7 76 00               432 	mov @R0, #0x00                ; mise à zero
   00C9 74 14               433 	mov A,#NBR_ENTRE_TOR          ; R3 = cpt d'entree TOR
   00CB FB                  434 	mov R3,A
   00CC 70 08               435 	jnz _fct_entre_tor_suite      ;
                            436 
   00CE EA                  437         mov A,R2
   00CF F9                  438         mov R1,A
   00D0 77 00               439         mov @R1,#0x00                 ; zero entre TOR
                            440 
   00D2 12 00 00            441 	lcall _envoyer_rs232          ; on envoie la trame
   00D5 22                  442 	ret
   00D6                     443 _fct_entre_tor_suite:
                            444 
   00D6 7F 80               445 	mov R7,#0x80                  ; initialisation du poids
   00D8 7D 00               446 	mov R5,#0x00                  ; Nombre d'octet donnees dans la trame
                            447 	
   00DA 79 00               448         mov R1,#INPUT_BUF
   00DC                     449 _fct_entre_tor_suite2:                ; R3 possede le nombre d'entree TOR
   00DC E7                  450         mov A,@R1
   00DD 54 FD               451         anl A,#0xFD                   ; mise à zero bit 1
   00DF F7                  452         mov @R1,A
   00E0 54 01               453         anl A,#0x01                   ; on recupere le bit 0
   00E2 13                  454         rrc A                         ; on le recupere dans le carry
ASxxxx Assembler V01.70 + NoICE + SDCC mods + Flat24 Feb-1999  (Intel 8051), page 14.



   00E3 00 F8               455 	acall _fct_entre_tor_push_bit
   00E5 09                  456         inc R1
   00E6 DB F4               457         djnz R3,_fct_entre_tor_suite2
                            458 
   00E8                     459 _fct_entre_tor_fin:
   00E8 BF 80 03            460 	cjne R7,#0x80,_fct_entre_tor_octet_partiel
   00EB 02 00 F0            461 	ljmp _fct_entre_tor_taille	
   00EE                     462 _fct_entre_tor_octet_partiel:
   00EE 0D                  463 	inc R5                        ; l'octet est partiellement utilisé, il faut quand mem le compter
   00EF 08                  464 	inc R0                        ; le crc est donc à l'octet suivant
   00F0                     465 _fct_entre_tor_taille:
   00F0 EA                  466         mov A,R2                      ; l'adresse du champs taille etait sauvée dans R2
   00F1 F9                  467         mov R1,A
   00F2 ED                  468 	mov A,R5
   00F3 F7                  469 	mov @R1,A                     ; On precise la taille de la trame.
                            470 
   00F4 12 00 00            471 	lcall _envoyer_rs232          ; on envoie la trame
   00F7 22                  472 	ret
                            473 
                            474 ;-----------------------------------------------------------------------------------------------------------
                            475 ; _fct_entre_tor_push_bit: push d'un bit dans la zone donnees de la trame
                            476 ;-----------------------------------------------------------------------------------------------------------
   00F8                     477 _fct_entre_tor_push_bit:            ; push un bit (C) dans la trame donnees.
   00F8 40 08               478 	jc  _fct_entre_tor_push_1
   00FA EF                  479 	mov A,R7                     ; R7 = poids du bit en cours
   00FB F4                  480 	cpl A
   00FC FE                  481 	mov R6,A                      ; R6 = complément de R7
                            482 
   00FD E6                  483 	mov A,@R0                     ; recupération octet donnes trame
   00FE 5E                  484 	anl A,R6                      ; mise à zero du bit de poids R7
   00FF F6                  485 	mov @R0,A
   0100 80 03               486 	sjmp _fct_entre_tor_push_bit_suite
   0102                     487 _fct_entre_tor_push_1:
   0102 E6                  488 	mov A,@R0                     ; recupération octet donnes trame
   0103 4F                  489 	orl A,R7                      ; mise à un bit de poids R7
   0104 F6                  490 	mov @R0,A
   0105                     491 _fct_entre_tor_push_bit_suite:
   0105 EF                  492 	mov A,R7
   0106 C3                  493 	clr C                         ; rotate du poids: << 1
   0107 13                  494 	rrc A
   0108 FF                  495 	mov R7,A                      ; decalage pour prochaine mise à un 
   0109 70 06               496 	jnz _fct_entre_tor_push_bit_fin ; si pas de depassement, fin
   010B 08                  497 	inc R0                        ; sinon octet trame suivant, reset R7
   010C 76 00               498 	mov @R0, #0x00                ; mise à zero
   010E 0D                  499 	inc R5                        ; un octet de plus consommé.
   010F 7F 80               500 	mov R7,#0x80
   0111                     501 _fct_entre_tor_push_bit_fin:
   0111 22                  502 	ret
